// Jest Snapshot v1, https://goo.gl/fbAQLP

exports[`Profile Screen Testing renders correctly 1`] = `
<RCTSafeAreaView>
  <View
    style={
      Object {
        "borderBottomWidth": 1,
        "flexDirection": "row",
        "paddingHorizontal": 20,
        "paddingVertical": 20,
      }
    }
  >
    <Text>
      Welcome undefined
    </Text>
    <View
      accessible={true}
      collapsable={false}
      focusable={true}
      onClick={[Function]}
      onResponderGrant={[Function]}
      onResponderMove={[Function]}
      onResponderRelease={[Function]}
      onResponderTerminate={[Function]}
      onResponderTerminationRequest={[Function]}
      onStartShouldSetResponder={[Function]}
      style={
        Object {
          "opacity": 1,
          "width": "50%",
        }
      }
      testID="logout"
    >
      <Text
        style={
          Object {
            "alignSelf": "center",
            "color": "steelblue",
            "fontSize": 18,
          }
        }
      >
        Logout
      </Text>
    </View>
  </View>
  <Text>
    No pokemon found.
  </Text>
</RCTSafeAreaView>
`;
